Archive member included to satisfy reference by file (symbol)

d:/atmel studio/7.0/toolchain/arm/arm-gnu-toolchain/bin/../lib/gcc/arm-none-eabi/6.3.1/../../../../arm-none-eabi/lib/thumb/v7e-m\libc.a(lib_a-exit.o)
                              d:/atmel studio/7.0/toolchain/arm/arm-gnu-toolchain/bin/../lib/gcc/arm-none-eabi/6.3.1/../../../../arm-none-eabi/lib/thumb/v7e-m/crt0.o (exit)
d:/atmel studio/7.0/toolchain/arm/arm-gnu-toolchain/bin/../lib/gcc/arm-none-eabi/6.3.1/../../../../arm-none-eabi/lib/thumb/v7e-m\libc.a(lib_a-impure.o)
                              d:/atmel studio/7.0/toolchain/arm/arm-gnu-toolchain/bin/../lib/gcc/arm-none-eabi/6.3.1/../../../../arm-none-eabi/lib/thumb/v7e-m\libc.a(lib_a-exit.o) (_global_impure_ptr)
d:/atmel studio/7.0/toolchain/arm/arm-gnu-toolchain/bin/../lib/gcc/arm-none-eabi/6.3.1/../../../../arm-none-eabi/lib/thumb/v7e-m\libc.a(lib_a-init.o)
                              d:/atmel studio/7.0/toolchain/arm/arm-gnu-toolchain/bin/../lib/gcc/arm-none-eabi/6.3.1/../../../../arm-none-eabi/lib/thumb/v7e-m/crt0.o (__libc_init_array)
d:/atmel studio/7.0/toolchain/arm/arm-gnu-toolchain/bin/../lib/gcc/arm-none-eabi/6.3.1/../../../../arm-none-eabi/lib/thumb/v7e-m\libc.a(lib_a-memset.o)
                              d:/atmel studio/7.0/toolchain/arm/arm-gnu-toolchain/bin/../lib/gcc/arm-none-eabi/6.3.1/../../../../arm-none-eabi/lib/thumb/v7e-m/crt0.o (memset)
d:/atmel studio/7.0/toolchain/arm/arm-gnu-toolchain/bin/../lib/gcc/arm-none-eabi/6.3.1/../../../../arm-none-eabi/lib/thumb/v7e-m\libc.a(lib_a-__call_atexit.o)
                              d:/atmel studio/7.0/toolchain/arm/arm-gnu-toolchain/bin/../lib/gcc/arm-none-eabi/6.3.1/../../../../arm-none-eabi/lib/thumb/v7e-m\libc.a(lib_a-exit.o) (__call_exitprocs)
d:/atmel studio/7.0/toolchain/arm/arm-gnu-toolchain/bin/../lib/gcc/arm-none-eabi/6.3.1/../../../../arm-none-eabi/lib/thumb/v7e-m\libc.a(lib_a-atexit.o)
                              d:/atmel studio/7.0/toolchain/arm/arm-gnu-toolchain/bin/../lib/gcc/arm-none-eabi/6.3.1/../../../../arm-none-eabi/lib/thumb/v7e-m\libc.a(lib_a-__call_atexit.o) (atexit)
d:/atmel studio/7.0/toolchain/arm/arm-gnu-toolchain/bin/../lib/gcc/arm-none-eabi/6.3.1/../../../../arm-none-eabi/lib/thumb/v7e-m\libc.a(lib_a-fini.o)
                              d:/atmel studio/7.0/toolchain/arm/arm-gnu-toolchain/bin/../lib/gcc/arm-none-eabi/6.3.1/../../../../arm-none-eabi/lib/thumb/v7e-m\libc.a(lib_a-__call_atexit.o) (__libc_fini_array)
d:/atmel studio/7.0/toolchain/arm/arm-gnu-toolchain/bin/../lib/gcc/arm-none-eabi/6.3.1/../../../../arm-none-eabi/lib/thumb/v7e-m\libc.a(lib_a-lock.o)
                              d:/atmel studio/7.0/toolchain/arm/arm-gnu-toolchain/bin/../lib/gcc/arm-none-eabi/6.3.1/../../../../arm-none-eabi/lib/thumb/v7e-m\libc.a(lib_a-__call_atexit.o) (__retarget_lock_acquire_recursive)
d:/atmel studio/7.0/toolchain/arm/arm-gnu-toolchain/bin/../lib/gcc/arm-none-eabi/6.3.1/../../../../arm-none-eabi/lib/thumb/v7e-m\libc.a(lib_a-__atexit.o)
                              d:/atmel studio/7.0/toolchain/arm/arm-gnu-toolchain/bin/../lib/gcc/arm-none-eabi/6.3.1/../../../../arm-none-eabi/lib/thumb/v7e-m\libc.a(lib_a-atexit.o) (__register_exitproc)

Allocating common symbols
Common symbol       size              file

__lock___atexit_recursive_mutex
                    0x1               d:/atmel studio/7.0/toolchain/arm/arm-gnu-toolchain/bin/../lib/gcc/arm-none-eabi/6.3.1/../../../../arm-none-eabi/lib/thumb/v7e-m\libc.a(lib_a-lock.o)
__lock___arc4random_mutex
                    0x1               d:/atmel studio/7.0/toolchain/arm/arm-gnu-toolchain/bin/../lib/gcc/arm-none-eabi/6.3.1/../../../../arm-none-eabi/lib/thumb/v7e-m\libc.a(lib_a-lock.o)
__lock___env_recursive_mutex
                    0x1               d:/atmel studio/7.0/toolchain/arm/arm-gnu-toolchain/bin/../lib/gcc/arm-none-eabi/6.3.1/../../../../arm-none-eabi/lib/thumb/v7e-m\libc.a(lib_a-lock.o)
__lock___sinit_recursive_mutex
                    0x1               d:/atmel studio/7.0/toolchain/arm/arm-gnu-toolchain/bin/../lib/gcc/arm-none-eabi/6.3.1/../../../../arm-none-eabi/lib/thumb/v7e-m\libc.a(lib_a-lock.o)
__lock___malloc_recursive_mutex
                    0x1               d:/atmel studio/7.0/toolchain/arm/arm-gnu-toolchain/bin/../lib/gcc/arm-none-eabi/6.3.1/../../../../arm-none-eabi/lib/thumb/v7e-m\libc.a(lib_a-lock.o)
__lock___at_quick_exit_mutex
                    0x1               d:/atmel studio/7.0/toolchain/arm/arm-gnu-toolchain/bin/../lib/gcc/arm-none-eabi/6.3.1/../../../../arm-none-eabi/lib/thumb/v7e-m\libc.a(lib_a-lock.o)
__lock___dd_hash_mutex
                    0x1               d:/atmel studio/7.0/toolchain/arm/arm-gnu-toolchain/bin/../lib/gcc/arm-none-eabi/6.3.1/../../../../arm-none-eabi/lib/thumb/v7e-m\libc.a(lib_a-lock.o)
__lock___tz_mutex   0x1               d:/atmel studio/7.0/toolchain/arm/arm-gnu-toolchain/bin/../lib/gcc/arm-none-eabi/6.3.1/../../../../arm-none-eabi/lib/thumb/v7e-m\libc.a(lib_a-lock.o)
__lock___sfp_recursive_mutex
                    0x1               d:/atmel studio/7.0/toolchain/arm/arm-gnu-toolchain/bin/../lib/gcc/arm-none-eabi/6.3.1/../../../../arm-none-eabi/lib/thumb/v7e-m\libc.a(lib_a-lock.o)

Discarded input sections

 .text          0x00000000        0x0 d:/atmel studio/7.0/toolchain/arm/arm-gnu-toolchain/bin/../lib/gcc/arm-none-eabi/6.3.1/thumb/v7e-m/crti.o
 .data          0x00000000        0x0 d:/atmel studio/7.0/toolchain/arm/arm-gnu-toolchain/bin/../lib/gcc/arm-none-eabi/6.3.1/thumb/v7e-m/crti.o
 .bss           0x00000000        0x0 d:/atmel studio/7.0/toolchain/arm/arm-gnu-toolchain/bin/../lib/gcc/arm-none-eabi/6.3.1/thumb/v7e-m/crti.o
 .data          0x00000000        0x4 d:/atmel studio/7.0/toolchain/arm/arm-gnu-toolchain/bin/../lib/gcc/arm-none-eabi/6.3.1/thumb/v7e-m/crtbegin.o
 .text          0x00000000       0x74 d:/atmel studio/7.0/toolchain/arm/arm-gnu-toolchain/bin/../lib/gcc/arm-none-eabi/6.3.1/../../../../arm-none-eabi/lib/thumb/v7e-m/crt0.o
 .data          0x00000000        0x0 d:/atmel studio/7.0/toolchain/arm/arm-gnu-toolchain/bin/../lib/gcc/arm-none-eabi/6.3.1/../../../../arm-none-eabi/lib/thumb/v7e-m/crt0.o
 .bss           0x00000000        0x0 d:/atmel studio/7.0/toolchain/arm/arm-gnu-toolchain/bin/../lib/gcc/arm-none-eabi/6.3.1/../../../../arm-none-eabi/lib/thumb/v7e-m/crt0.o
 .ARM.extab     0x00000000        0x0 d:/atmel studio/7.0/toolchain/arm/arm-gnu-toolchain/bin/../lib/gcc/arm-none-eabi/6.3.1/../../../../arm-none-eabi/lib/thumb/v7e-m/crt0.o
 .ARM.exidx     0x00000000        0x8 d:/atmel studio/7.0/toolchain/arm/arm-gnu-toolchain/bin/../lib/gcc/arm-none-eabi/6.3.1/../../../../arm-none-eabi/lib/thumb/v7e-m/crt0.o
 .ARM.attributes
                0x00000000       0x1c d:/atmel studio/7.0/toolchain/arm/arm-gnu-toolchain/bin/../lib/gcc/arm-none-eabi/6.3.1/../../../../arm-none-eabi/lib/thumb/v7e-m/crt0.o
 .group         0x00000000        0x8 main.o
 .group         0x00000000        0x8 main.o
 .group         0x00000000        0x8 main.o
 .group         0x00000000        0x8 main.o
 .group         0x00000000        0x8 main.o
 .text          0x00000000        0x0 main.o
 .rodata        0x00000000        0x4 main.o
 .data          0x00000000        0x0 minilib/minilib.o
 .bss           0x00000000        0x0 minilib/minilib.o
 .text          0x00000000        0x0 d:/atmel studio/7.0/toolchain/arm/arm-gnu-toolchain/bin/../lib/gcc/arm-none-eabi/6.3.1/../../../../arm-none-eabi/lib/thumb/v7e-m\libc.a(lib_a-exit.o)
 .data          0x00000000        0x0 d:/atmel studio/7.0/toolchain/arm/arm-gnu-toolchain/bin/../lib/gcc/arm-none-eabi/6.3.1/../../../../arm-none-eabi/lib/thumb/v7e-m\libc.a(lib_a-exit.o)
 .bss           0x00000000        0x0 d:/atmel studio/7.0/toolchain/arm/arm-gnu-toolchain/bin/../lib/gcc/arm-none-eabi/6.3.1/../../../../arm-none-eabi/lib/thumb/v7e-m\libc.a(lib_a-exit.o)
 .text.exit     0x00000000       0x20 d:/atmel studio/7.0/toolchain/arm/arm-gnu-toolchain/bin/../lib/gcc/arm-none-eabi/6.3.1/../../../../arm-none-eabi/lib/thumb/v7e-m\libc.a(lib_a-exit.o)
 .debug_frame   0x00000000       0x28 d:/atmel studio/7.0/toolchain/arm/arm-gnu-toolchain/bin/../lib/gcc/arm-none-eabi/6.3.1/../../../../arm-none-eabi/lib/thumb/v7e-m\libc.a(lib_a-exit.o)
 .ARM.attributes
                0x00000000       0x2e d:/atmel studio/7.0/toolchain/arm/arm-gnu-toolchain/bin/../lib/gcc/arm-none-eabi/6.3.1/../../../../arm-none-eabi/lib/thumb/v7e-m\libc.a(lib_a-exit.o)
 .text          0x00000000        0x0 d:/atmel studio/7.0/toolchain/arm/arm-gnu-toolchain/bin/../lib/gcc/arm-none-eabi/6.3.1/../../../../arm-none-eabi/lib/thumb/v7e-m\libc.a(lib_a-impure.o)
 .data          0x00000000        0x0 d:/atmel studio/7.0/toolchain/arm/arm-gnu-toolchain/bin/../lib/gcc/arm-none-eabi/6.3.1/../../../../arm-none-eabi/lib/thumb/v7e-m\libc.a(lib_a-impure.o)
 .bss           0x00000000        0x0 d:/atmel studio/7.0/toolchain/arm/arm-gnu-toolchain/bin/../lib/gcc/arm-none-eabi/6.3.1/../../../../arm-none-eabi/lib/thumb/v7e-m\libc.a(lib_a-impure.o)
 .data._impure_ptr
                0x00000000        0x4 d:/atmel studio/7.0/toolchain/arm/arm-gnu-toolchain/bin/../lib/gcc/arm-none-eabi/6.3.1/../../../../arm-none-eabi/lib/thumb/v7e-m\libc.a(lib_a-impure.o)
 .text          0x00000000        0x0 d:/atmel studio/7.0/toolchain/arm/arm-gnu-toolchain/bin/../lib/gcc/arm-none-eabi/6.3.1/../../../../arm-none-eabi/lib/thumb/v7e-m\libc.a(lib_a-init.o)
 .data          0x00000000        0x0 d:/atmel studio/7.0/toolchain/arm/arm-gnu-toolchain/bin/../lib/gcc/arm-none-eabi/6.3.1/../../../../arm-none-eabi/lib/thumb/v7e-m\libc.a(lib_a-init.o)
 .bss           0x00000000        0x0 d:/atmel studio/7.0/toolchain/arm/arm-gnu-toolchain/bin/../lib/gcc/arm-none-eabi/6.3.1/../../../../arm-none-eabi/lib/thumb/v7e-m\libc.a(lib_a-init.o)
 .text.__libc_init_array
                0x00000000       0x50 d:/atmel studio/7.0/toolchain/arm/arm-gnu-toolchain/bin/../lib/gcc/arm-none-eabi/6.3.1/../../../../arm-none-eabi/lib/thumb/v7e-m\libc.a(lib_a-init.o)
 .debug_frame   0x00000000       0x2c d:/atmel studio/7.0/toolchain/arm/arm-gnu-toolchain/bin/../lib/gcc/arm-none-eabi/6.3.1/../../../../arm-none-eabi/lib/thumb/v7e-m\libc.a(lib_a-init.o)
 .ARM.attributes
                0x00000000       0x2e d:/atmel studio/7.0/toolchain/arm/arm-gnu-toolchain/bin/../lib/gcc/arm-none-eabi/6.3.1/../../../../arm-none-eabi/lib/thumb/v7e-m\libc.a(lib_a-init.o)
 .text          0x00000000        0x0 d:/atmel studio/7.0/toolchain/arm/arm-gnu-toolchain/bin/../lib/gcc/arm-none-eabi/6.3.1/../../../../arm-none-eabi/lib/thumb/v7e-m\libc.a(lib_a-memset.o)
 .data          0x00000000        0x0 d:/atmel studio/7.0/toolchain/arm/arm-gnu-toolchain/bin/../lib/gcc/arm-none-eabi/6.3.1/../../../../arm-none-eabi/lib/thumb/v7e-m\libc.a(lib_a-memset.o)
 .bss           0x00000000        0x0 d:/atmel studio/7.0/toolchain/arm/arm-gnu-toolchain/bin/../lib/gcc/arm-none-eabi/6.3.1/../../../../arm-none-eabi/lib/thumb/v7e-m\libc.a(lib_a-memset.o)
 .text.memset   0x00000000       0x9c d:/atmel studio/7.0/toolchain/arm/arm-gnu-toolchain/bin/../lib/gcc/arm-none-eabi/6.3.1/../../../../arm-none-eabi/lib/thumb/v7e-m\libc.a(lib_a-memset.o)
 .debug_frame   0x00000000       0x34 d:/atmel studio/7.0/toolchain/arm/arm-gnu-toolchain/bin/../lib/gcc/arm-none-eabi/6.3.1/../../../../arm-none-eabi/lib/thumb/v7e-m\libc.a(lib_a-memset.o)
 .ARM.attributes
                0x00000000       0x2e d:/atmel studio/7.0/toolchain/arm/arm-gnu-toolchain/bin/../lib/gcc/arm-none-eabi/6.3.1/../../../../arm-none-eabi/lib/thumb/v7e-m\libc.a(lib_a-memset.o)
 .text          0x00000000        0x0 d:/atmel studio/7.0/toolchain/arm/arm-gnu-toolchain/bin/../lib/gcc/arm-none-eabi/6.3.1/../../../../arm-none-eabi/lib/thumb/v7e-m\libc.a(lib_a-__call_atexit.o)
 .data          0x00000000        0x0 d:/atmel studio/7.0/toolchain/arm/arm-gnu-toolchain/bin/../lib/gcc/arm-none-eabi/6.3.1/../../../../arm-none-eabi/lib/thumb/v7e-m\libc.a(lib_a-__call_atexit.o)
 .bss           0x00000000        0x0 d:/atmel studio/7.0/toolchain/arm/arm-gnu-toolchain/bin/../lib/gcc/arm-none-eabi/6.3.1/../../../../arm-none-eabi/lib/thumb/v7e-m\libc.a(lib_a-__call_atexit.o)
 .text.__call_exitprocs
                0x00000000       0xe8 d:/atmel studio/7.0/toolchain/arm/arm-gnu-toolchain/bin/../lib/gcc/arm-none-eabi/6.3.1/../../../../arm-none-eabi/lib/thumb/v7e-m\libc.a(lib_a-__call_atexit.o)
 .text          0x00000000        0x0 d:/atmel studio/7.0/toolchain/arm/arm-gnu-toolchain/bin/../lib/gcc/arm-none-eabi/6.3.1/../../../../arm-none-eabi/lib/thumb/v7e-m\libc.a(lib_a-atexit.o)
 .data          0x00000000        0x0 d:/atmel studio/7.0/toolchain/arm/arm-gnu-toolchain/bin/../lib/gcc/arm-none-eabi/6.3.1/../../../../arm-none-eabi/lib/thumb/v7e-m\libc.a(lib_a-atexit.o)
 .bss           0x00000000        0x0 d:/atmel studio/7.0/toolchain/arm/arm-gnu-toolchain/bin/../lib/gcc/arm-none-eabi/6.3.1/../../../../arm-none-eabi/lib/thumb/v7e-m\libc.a(lib_a-atexit.o)
 .text          0x00000000        0x0 d:/atmel studio/7.0/toolchain/arm/arm-gnu-toolchain/bin/../lib/gcc/arm-none-eabi/6.3.1/../../../../arm-none-eabi/lib/thumb/v7e-m\libc.a(lib_a-fini.o)
 .data          0x00000000        0x0 d:/atmel studio/7.0/toolchain/arm/arm-gnu-toolchain/bin/../lib/gcc/arm-none-eabi/6.3.1/../../../../arm-none-eabi/lib/thumb/v7e-m\libc.a(lib_a-fini.o)
 .bss           0x00000000        0x0 d:/atmel studio/7.0/toolchain/arm/arm-gnu-toolchain/bin/../lib/gcc/arm-none-eabi/6.3.1/../../../../arm-none-eabi/lib/thumb/v7e-m\libc.a(lib_a-fini.o)
 .text          0x00000000        0x0 d:/atmel studio/7.0/toolchain/arm/arm-gnu-toolchain/bin/../lib/gcc/arm-none-eabi/6.3.1/../../../../arm-none-eabi/lib/thumb/v7e-m\libc.a(lib_a-lock.o)
 .data          0x00000000        0x0 d:/atmel studio/7.0/toolchain/arm/arm-gnu-toolchain/bin/../lib/gcc/arm-none-eabi/6.3.1/../../../../arm-none-eabi/lib/thumb/v7e-m\libc.a(lib_a-lock.o)
 .bss           0x00000000        0x0 d:/atmel studio/7.0/toolchain/arm/arm-gnu-toolchain/bin/../lib/gcc/arm-none-eabi/6.3.1/../../../../arm-none-eabi/lib/thumb/v7e-m\libc.a(lib_a-lock.o)
 .text.__retarget_lock_init
                0x00000000        0x4 d:/atmel studio/7.0/toolchain/arm/arm-gnu-toolchain/bin/../lib/gcc/arm-none-eabi/6.3.1/../../../../arm-none-eabi/lib/thumb/v7e-m\libc.a(lib_a-lock.o)
 .text.__retarget_lock_init_recursive
                0x00000000        0x4 d:/atmel studio/7.0/toolchain/arm/arm-gnu-toolchain/bin/../lib/gcc/arm-none-eabi/6.3.1/../../../../arm-none-eabi/lib/thumb/v7e-m\libc.a(lib_a-lock.o)
 .text.__retarget_lock_close
                0x00000000        0x4 d:/atmel studio/7.0/toolchain/arm/arm-gnu-toolchain/bin/../lib/gcc/arm-none-eabi/6.3.1/../../../../arm-none-eabi/lib/thumb/v7e-m\libc.a(lib_a-lock.o)
 .text.__retarget_lock_close_recursive
                0x00000000        0x4 d:/atmel studio/7.0/toolchain/arm/arm-gnu-toolchain/bin/../lib/gcc/arm-none-eabi/6.3.1/../../../../arm-none-eabi/lib/thumb/v7e-m\libc.a(lib_a-lock.o)
 .text.__retarget_lock_acquire
                0x00000000        0x4 d:/atmel studio/7.0/toolchain/arm/arm-gnu-toolchain/bin/../lib/gcc/arm-none-eabi/6.3.1/../../../../arm-none-eabi/lib/thumb/v7e-m\libc.a(lib_a-lock.o)
 .text.__retarget_lock_try_acquire
                0x00000000        0x4 d:/atmel studio/7.0/toolchain/arm/arm-gnu-toolchain/bin/../lib/gcc/arm-none-eabi/6.3.1/../../../../arm-none-eabi/lib/thumb/v7e-m\libc.a(lib_a-lock.o)
 .text.__retarget_lock_try_acquire_recursive
                0x00000000        0x4 d:/atmel studio/7.0/toolchain/arm/arm-gnu-toolchain/bin/../lib/gcc/arm-none-eabi/6.3.1/../../../../arm-none-eabi/lib/thumb/v7e-m\libc.a(lib_a-lock.o)
 .text.__retarget_lock_release
                0x00000000        0x4 d:/atmel studio/7.0/toolchain/arm/arm-gnu-toolchain/bin/../lib/gcc/arm-none-eabi/6.3.1/../../../../arm-none-eabi/lib/thumb/v7e-m\libc.a(lib_a-lock.o)
 .text          0x00000000        0x0 d:/atmel studio/7.0/toolchain/arm/arm-gnu-toolchain/bin/../lib/gcc/arm-none-eabi/6.3.1/../../../../arm-none-eabi/lib/thumb/v7e-m\libc.a(lib_a-__atexit.o)
 .data          0x00000000        0x0 d:/atmel studio/7.0/toolchain/arm/arm-gnu-toolchain/bin/../lib/gcc/arm-none-eabi/6.3.1/../../../../arm-none-eabi/lib/thumb/v7e-m\libc.a(lib_a-__atexit.o)
 .bss           0x00000000        0x0 d:/atmel studio/7.0/toolchain/arm/arm-gnu-toolchain/bin/../lib/gcc/arm-none-eabi/6.3.1/../../../../arm-none-eabi/lib/thumb/v7e-m\libc.a(lib_a-__atexit.o)
 .text          0x00000000        0x0 d:/atmel studio/7.0/toolchain/arm/arm-gnu-toolchain/bin/../lib/gcc/arm-none-eabi/6.3.1/thumb/v7e-m/crtend.o
 .data          0x00000000        0x0 d:/atmel studio/7.0/toolchain/arm/arm-gnu-toolchain/bin/../lib/gcc/arm-none-eabi/6.3.1/thumb/v7e-m/crtend.o
 .bss           0x00000000        0x0 d:/atmel studio/7.0/toolchain/arm/arm-gnu-toolchain/bin/../lib/gcc/arm-none-eabi/6.3.1/thumb/v7e-m/crtend.o
 .eh_frame      0x00000000        0x4 d:/atmel studio/7.0/toolchain/arm/arm-gnu-toolchain/bin/../lib/gcc/arm-none-eabi/6.3.1/thumb/v7e-m/crtend.o
 .jcr           0x00000000        0x4 d:/atmel studio/7.0/toolchain/arm/arm-gnu-toolchain/bin/../lib/gcc/arm-none-eabi/6.3.1/thumb/v7e-m/crtend.o
 .ARM.attributes
                0x00000000       0x2e d:/atmel studio/7.0/toolchain/arm/arm-gnu-toolchain/bin/../lib/gcc/arm-none-eabi/6.3.1/thumb/v7e-m/crtend.o
 .text          0x00000000        0x0 d:/atmel studio/7.0/toolchain/arm/arm-gnu-toolchain/bin/../lib/gcc/arm-none-eabi/6.3.1/thumb/v7e-m/crtn.o
 .data          0x00000000        0x0 d:/atmel studio/7.0/toolchain/arm/arm-gnu-toolchain/bin/../lib/gcc/arm-none-eabi/6.3.1/thumb/v7e-m/crtn.o
 .bss           0x00000000        0x0 d:/atmel studio/7.0/toolchain/arm/arm-gnu-toolchain/bin/../lib/gcc/arm-none-eabi/6.3.1/thumb/v7e-m/crtn.o

Memory Configuration

Name             Origin             Length             Attributes
rom              0x00400000         0x00200000         xr
ram              0x20014000         0x00014000         xrw
*default*        0x00000000         0xffffffff

Linker script and memory map

LOAD d:/atmel studio/7.0/toolchain/arm/arm-gnu-toolchain/bin/../lib/gcc/arm-none-eabi/6.3.1/thumb/v7e-m/crti.o
LOAD d:/atmel studio/7.0/toolchain/arm/arm-gnu-toolchain/bin/../lib/gcc/arm-none-eabi/6.3.1/thumb/v7e-m/crtbegin.o
LOAD d:/atmel studio/7.0/toolchain/arm/arm-gnu-toolchain/bin/../lib/gcc/arm-none-eabi/6.3.1/../../../../arm-none-eabi/lib/thumb/v7e-m/crt0.o
LOAD main.o
LOAD minilib/minilib.o
START GROUP
END GROUP
START GROUP
LOAD d:/atmel studio/7.0/toolchain/arm/arm-gnu-toolchain/bin/../lib/gcc/arm-none-eabi/6.3.1/thumb/v7e-m\libgcc.a
LOAD d:/atmel studio/7.0/toolchain/arm/arm-gnu-toolchain/bin/../lib/gcc/arm-none-eabi/6.3.1/../../../../arm-none-eabi/lib/thumb/v7e-m\libc.a
END GROUP
LOAD d:/atmel studio/7.0/toolchain/arm/arm-gnu-toolchain/bin/../lib/gcc/arm-none-eabi/6.3.1/thumb/v7e-m/crtend.o
LOAD d:/atmel studio/7.0/toolchain/arm/arm-gnu-toolchain/bin/../lib/gcc/arm-none-eabi/6.3.1/thumb/v7e-m/crtn.o
                0x00000400                STACK_SIZE = DEFINED (STACK_SIZE)?STACK_SIZE:0x400
                0x00000200                HEAP_SIZE = DEFINED (HEAP_SIZE)?HEAP_SIZE:0x200

.text           0x20014000      0xda8
                0x20014000                . = ALIGN (0x4)
                0x20014000                _sfixed = .
 *(.stack_info)
 .stack_info    0x20014000        0x4 main.o
                0x20014000                sp
 *(.entry_point)
 .entry_point   0x20014004      0x28c main.o
                0x20014004                main
 *(.text .text.* .gnu.linkonce.t.*)
 .text          0x20014290       0x6c d:/atmel studio/7.0/toolchain/arm/arm-gnu-toolchain/bin/../lib/gcc/arm-none-eabi/6.3.1/thumb/v7e-m/crtbegin.o
 .text.display_puts
                0x200142fc       0x1c main.o
                0x200142fc                display_puts
 .text.log_10   0x20014318       0x28 main.o
                0x20014318                log_10
 .text.display_printn
                0x20014340       0x68 main.o
                0x20014340                display_printn
 .text.display_printf
                0x200143a8       0x80 main.o
                0x200143a8                display_printf
 .text.decrement_cursor
                0x20014428       0x2c main.o
                0x20014428                decrement_cursor
 .text.increment_cursor
                0x20014454       0x2c main.o
                0x20014454                increment_cursor
 .text.make_name
                0x20014480      0x1ac main.o
                0x20014480                make_name
 .text.print_menu_header
                0x2001462c       0x50 main.o
                0x2001462c                print_menu_header
 .text.show_stats
                0x2001467c       0xdc main.o
                0x2001467c                show_stats
 .text.open_menu
                0x20014758      0x184 main.o
                0x20014758                open_menu
 .text.display_clr_line
                0x200148dc       0x28 main.o
                0x200148dc                display_clr_line
 .text          0x20014904       0x58 minilib/minilib.o
                0x20014904                led_set
                0x20014908                led_read
                0x2001490c                button_read
                0x20014910                clock_read
                0x20014914                clock_write
                0x20014918                display_cls
                0x2001491c                display_putc
                0x20014920                display_gotoxy
                0x20014924                display_numlines
                0x20014928                display_current_line
                0x2001492c                update_stats
                0x20014930                set_name
                0x20014934                read_name
                0x20014938                save_file
                0x2001493c                is_new_file
                0x20014940                feed
                0x20014944                rest
                0x20014948                play
                0x2001494c                start_time
                0x20014950                stop_time
                0x20014954                delay_ms
                0x20014958                draw
 .text.startup.register_fini
                0x2001495c       0x14 d:/atmel studio/7.0/toolchain/arm/arm-gnu-toolchain/bin/../lib/gcc/arm-none-eabi/6.3.1/../../../../arm-none-eabi/lib/thumb/v7e-m\libc.a(lib_a-__call_atexit.o)
 .text.atexit   0x20014970        0xc d:/atmel studio/7.0/toolchain/arm/arm-gnu-toolchain/bin/../lib/gcc/arm-none-eabi/6.3.1/../../../../arm-none-eabi/lib/thumb/v7e-m\libc.a(lib_a-atexit.o)
                0x20014970                atexit
 .text.__libc_fini_array
                0x2001497c       0x34 d:/atmel studio/7.0/toolchain/arm/arm-gnu-toolchain/bin/../lib/gcc/arm-none-eabi/6.3.1/../../../../arm-none-eabi/lib/thumb/v7e-m\libc.a(lib_a-fini.o)
                0x2001497c                __libc_fini_array
 .text.__retarget_lock_acquire_recursive
                0x200149b0        0x4 d:/atmel studio/7.0/toolchain/arm/arm-gnu-toolchain/bin/../lib/gcc/arm-none-eabi/6.3.1/../../../../arm-none-eabi/lib/thumb/v7e-m\libc.a(lib_a-lock.o)
                0x200149b0                __retarget_lock_acquire_recursive
 .text.__retarget_lock_release_recursive
                0x200149b4        0x4 d:/atmel studio/7.0/toolchain/arm/arm-gnu-toolchain/bin/../lib/gcc/arm-none-eabi/6.3.1/../../../../arm-none-eabi/lib/thumb/v7e-m\libc.a(lib_a-lock.o)
                0x200149b4                __retarget_lock_release_recursive
 .text.__register_exitproc
                0x200149b8       0xc4 d:/atmel studio/7.0/toolchain/arm/arm-gnu-toolchain/bin/../lib/gcc/arm-none-eabi/6.3.1/../../../../arm-none-eabi/lib/thumb/v7e-m\libc.a(lib_a-__atexit.o)
                0x200149b8                __register_exitproc
 *(.glue_7t)
 .glue_7t       0x20014a7c        0x0 linker stubs
 *(.glue_7)
 .glue_7        0x20014a7c        0x0 linker stubs
 *(.rodata .rodata* .gnu.linkonce.r.*)
 .rodata.str1.4
                0x20014a7c      0x304 main.o
 .rodata._global_impure_ptr
                0x20014d80        0x4 d:/atmel studio/7.0/toolchain/arm/arm-gnu-toolchain/bin/../lib/gcc/arm-none-eabi/6.3.1/../../../../arm-none-eabi/lib/thumb/v7e-m\libc.a(lib_a-impure.o)
                0x20014d80                _global_impure_ptr
 *(.ARM.extab* .gnu.linkonce.armextab.*)
                0x20014d84                . = ALIGN (0x4)
 *(.init)
 .init          0x20014d84        0x4 d:/atmel studio/7.0/toolchain/arm/arm-gnu-toolchain/bin/../lib/gcc/arm-none-eabi/6.3.1/thumb/v7e-m/crti.o
                0x20014d84                _init
 .init          0x20014d88        0x8 d:/atmel studio/7.0/toolchain/arm/arm-gnu-toolchain/bin/../lib/gcc/arm-none-eabi/6.3.1/thumb/v7e-m/crtn.o
                0x20014d90                . = ALIGN (0x4)
                0x20014d90                __preinit_array_start = .
 *(.preinit_array)
                0x20014d90                __preinit_array_end = .
                0x20014d90                . = ALIGN (0x4)
                0x20014d90                __init_array_start = .
 *(SORT(.init_array.*))
 .init_array.00000
                0x20014d90        0x4 d:/atmel studio/7.0/toolchain/arm/arm-gnu-toolchain/bin/../lib/gcc/arm-none-eabi/6.3.1/../../../../arm-none-eabi/lib/thumb/v7e-m\libc.a(lib_a-__call_atexit.o)
 *(.init_array)
 .init_array    0x20014d94        0x4 d:/atmel studio/7.0/toolchain/arm/arm-gnu-toolchain/bin/../lib/gcc/arm-none-eabi/6.3.1/thumb/v7e-m/crtbegin.o
                0x20014d98                __init_array_end = .
                0x20014d98                . = ALIGN (0x4)
 *crtbegin.o(.ctors)
 *(EXCLUDE_FILE(*crtend.o) .ctors)
 *(SORT(.ctors.*))
 *crtend.o(.ctors)
                0x20014d98                . = ALIGN (0x4)
 *(.fini)
 .fini          0x20014d98        0x4 d:/atmel studio/7.0/toolchain/arm/arm-gnu-toolchain/bin/../lib/gcc/arm-none-eabi/6.3.1/thumb/v7e-m/crti.o
                0x20014d98                _fini
 .fini          0x20014d9c        0x8 d:/atmel studio/7.0/toolchain/arm/arm-gnu-toolchain/bin/../lib/gcc/arm-none-eabi/6.3.1/thumb/v7e-m/crtn.o
                0x20014da4                . = ALIGN (0x4)
                0x20014da4                __fini_array_start = .
 *(.fini_array)
 .fini_array    0x20014da4        0x4 d:/atmel studio/7.0/toolchain/arm/arm-gnu-toolchain/bin/../lib/gcc/arm-none-eabi/6.3.1/thumb/v7e-m/crtbegin.o
 *(SORT(.fini_array.*))
                0x20014da8                __fini_array_end = .
 *crtbegin.o(.dtors)
 *(EXCLUDE_FILE(*crtend.o) .dtors)
 *(SORT(.dtors.*))
 *crtend.o(.dtors)
                0x20014da8                . = ALIGN (0x4)
                0x20014da8                _efixed = .
                [!provide]                PROVIDE (__exidx_start, .)

.vfp11_veneer   0x20014da8        0x0
 .vfp11_veneer  0x20014da8        0x0 linker stubs

.v4_bx          0x20014da8        0x0
 .v4_bx         0x20014da8        0x0 linker stubs

.iplt           0x20014da8        0x0
 .iplt          0x20014da8        0x0 d:/atmel studio/7.0/toolchain/arm/arm-gnu-toolchain/bin/../lib/gcc/arm-none-eabi/6.3.1/thumb/v7e-m/crtbegin.o

.eh_frame       0x20014da8        0x0
 .eh_frame      0x20014da8        0x0 d:/atmel studio/7.0/toolchain/arm/arm-gnu-toolchain/bin/../lib/gcc/arm-none-eabi/6.3.1/thumb/v7e-m/crtbegin.o

.rel.dyn        0x20014da8        0x0
 .rel.iplt      0x20014da8        0x0 d:/atmel studio/7.0/toolchain/arm/arm-gnu-toolchain/bin/../lib/gcc/arm-none-eabi/6.3.1/thumb/v7e-m/crtbegin.o

.jcr            0x20014da8        0x0
 .jcr           0x20014da8        0x0 d:/atmel studio/7.0/toolchain/arm/arm-gnu-toolchain/bin/../lib/gcc/arm-none-eabi/6.3.1/thumb/v7e-m/crtbegin.o

.igot.plt       0x20014da8        0x0
 .igot.plt      0x20014da8        0x0 d:/atmel studio/7.0/toolchain/arm/arm-gnu-toolchain/bin/../lib/gcc/arm-none-eabi/6.3.1/thumb/v7e-m/crtbegin.o

.ARM.exidx
 *(.ARM.exidx* .gnu.linkonce.armexidx.*)
                [!provide]                PROVIDE (__exidx_end, .)
                0x20014da8                . = ALIGN (0x4)
                0x20014da8                _etext = .

.relocate       0x20014da8      0x454
                0x20014da8                . = ALIGN (0x4)
                0x20014da8                _srelocate = .
 *(.ramfunc .ramfunc.*)
 *(.data .data.*)
 .data          0x20014da8       0x24 main.o
                0x20014da8                cursor
                0x20014dac                selection
                0x20014db0                breed_choices
                0x20014db8                main_menu
 *fill*         0x20014dcc        0x4 
 .data.impure_data
                0x20014dd0      0x428 d:/atmel studio/7.0/toolchain/arm/arm-gnu-toolchain/bin/../lib/gcc/arm-none-eabi/6.3.1/../../../../arm-none-eabi/lib/thumb/v7e-m\libc.a(lib_a-impure.o)
 .data.__atexit_recursive_mutex
                0x200151f8        0x4 d:/atmel studio/7.0/toolchain/arm/arm-gnu-toolchain/bin/../lib/gcc/arm-none-eabi/6.3.1/../../../../arm-none-eabi/lib/thumb/v7e-m\libc.a(lib_a-__call_atexit.o)
                0x200151f8                __atexit_recursive_mutex
                0x200151fc                . = ALIGN (0x4)
                0x200151fc                _erelocate = .

.bss            0x200151fc       0x5c
                0x200151fc                . = ALIGN (0x4)
                0x200151fc                _sbss = .
                0x200151fc                _szero = .
 *(.bss .bss.*)
 .bss           0x200151fc       0x1c d:/atmel studio/7.0/toolchain/arm/arm-gnu-toolchain/bin/../lib/gcc/arm-none-eabi/6.3.1/thumb/v7e-m/crtbegin.o
 .bss           0x20015218       0x1c main.o
                0x20015218                user_pet
 *(COMMON)
 COMMON         0x20015234       0x21 d:/atmel studio/7.0/toolchain/arm/arm-gnu-toolchain/bin/../lib/gcc/arm-none-eabi/6.3.1/../../../../arm-none-eabi/lib/thumb/v7e-m\libc.a(lib_a-lock.o)
                0x20015234                __lock___atexit_recursive_mutex
                0x20015238                __lock___arc4random_mutex
                0x2001523c                __lock___env_recursive_mutex
                0x20015240                __lock___sinit_recursive_mutex
                0x20015244                __lock___malloc_recursive_mutex
                0x20015248                __lock___at_quick_exit_mutex
                0x2001524c                __lock___dd_hash_mutex
                0x20015250                __lock___tz_mutex
                0x20015254                __lock___sfp_recursive_mutex
                0x20015258                . = ALIGN (0x4)
 *fill*         0x20015255        0x3 
                0x20015258                _ebss = .
                0x20015258                _ezero = .

.stack          0x20015258      0x400
                0x20015258                . = ALIGN (0x8)
                0x20015258                _sstack = .
                0x20015658                . = (. + STACK_SIZE)
 *fill*         0x20015258      0x400 
                0x20015658                . = ALIGN (0x8)
                0x20015658                _estack = .

.heap           0x20015658      0x200
                0x20015658                . = ALIGN (0x8)
                0x20015658                _sheap = .
                0x20015858                . = (. + HEAP_SIZE)
 *fill*         0x20015658      0x200 
                0x20015858                . = ALIGN (0x8)
                0x20015858                _eheap = .
                0x20015858                . = ALIGN (0x4)
                0x20015858                _end = .
                0x20027fff                _ram_end_ = ((ORIGIN (ram) + LENGTH (ram)) - 0x1)
OUTPUT(SamagoApp.elf elf32-littlearm)

.ARM.attributes
                0x00000000       0x2a
 .ARM.attributes
                0x00000000       0x1e d:/atmel studio/7.0/toolchain/arm/arm-gnu-toolchain/bin/../lib/gcc/arm-none-eabi/6.3.1/thumb/v7e-m/crti.o
 .ARM.attributes
                0x0000001e       0x2e d:/atmel studio/7.0/toolchain/arm/arm-gnu-toolchain/bin/../lib/gcc/arm-none-eabi/6.3.1/thumb/v7e-m/crtbegin.o
 .ARM.attributes
                0x0000004c       0x33 main.o
 .ARM.attributes
                0x0000007f       0x21 minilib/minilib.o
 .ARM.attributes
                0x000000a0       0x2e d:/atmel studio/7.0/toolchain/arm/arm-gnu-toolchain/bin/../lib/gcc/arm-none-eabi/6.3.1/../../../../arm-none-eabi/lib/thumb/v7e-m\libc.a(lib_a-impure.o)
 .ARM.attributes
                0x000000ce       0x2e d:/atmel studio/7.0/toolchain/arm/arm-gnu-toolchain/bin/../lib/gcc/arm-none-eabi/6.3.1/../../../../arm-none-eabi/lib/thumb/v7e-m\libc.a(lib_a-__call_atexit.o)
 .ARM.attributes
                0x000000fc       0x2e d:/atmel studio/7.0/toolchain/arm/arm-gnu-toolchain/bin/../lib/gcc/arm-none-eabi/6.3.1/../../../../arm-none-eabi/lib/thumb/v7e-m\libc.a(lib_a-atexit.o)
 .ARM.attributes
                0x0000012a       0x2e d:/atmel studio/7.0/toolchain/arm/arm-gnu-toolchain/bin/../lib/gcc/arm-none-eabi/6.3.1/../../../../arm-none-eabi/lib/thumb/v7e-m\libc.a(lib_a-fini.o)
 .ARM.attributes
                0x00000158       0x2e d:/atmel studio/7.0/toolchain/arm/arm-gnu-toolchain/bin/../lib/gcc/arm-none-eabi/6.3.1/../../../../arm-none-eabi/lib/thumb/v7e-m\libc.a(lib_a-lock.o)
 .ARM.attributes
                0x00000186       0x2e d:/atmel studio/7.0/toolchain/arm/arm-gnu-toolchain/bin/../lib/gcc/arm-none-eabi/6.3.1/../../../../arm-none-eabi/lib/thumb/v7e-m\libc.a(lib_a-__atexit.o)
 .ARM.attributes
                0x000001b4       0x1e d:/atmel studio/7.0/toolchain/arm/arm-gnu-toolchain/bin/../lib/gcc/arm-none-eabi/6.3.1/thumb/v7e-m/crtn.o

.comment        0x00000000       0x59
 .comment       0x00000000       0x59 main.o
                                 0x5a (size before relaxing)

.debug_info     0x00000000     0x1284
 .debug_info    0x00000000     0x1201 main.o
 .debug_info    0x00001201       0x83 minilib/minilib.o

.debug_abbrev   0x00000000      0x2a3
 .debug_abbrev  0x00000000      0x28f main.o
 .debug_abbrev  0x0000028f       0x14 minilib/minilib.o

.debug_loc      0x00000000      0x657
 .debug_loc     0x00000000      0x657 main.o

.debug_aranges  0x00000000       0x98
 .debug_aranges
                0x00000000       0x78 main.o
 .debug_aranges
                0x00000078       0x20 minilib/minilib.o

.debug_ranges   0x00000000       0xb0
 .debug_ranges  0x00000000       0xb0 main.o

.debug_macro    0x00000000      0xced
 .debug_macro   0x00000000       0x5f main.o
 .debug_macro   0x0000005f      0x8b0 main.o
 .debug_macro   0x0000090f      0x34e main.o
 .debug_macro   0x00000c5d       0x22 main.o
 .debug_macro   0x00000c7f       0x58 main.o
 .debug_macro   0x00000cd7       0x16 main.o

.debug_line     0x00000000      0x3c8
 .debug_line    0x00000000      0x359 main.o
 .debug_line    0x00000359       0x6f minilib/minilib.o

.debug_str      0x00000000     0x329f
 .debug_str     0x00000000     0x329f main.o
                               0x346f (size before relaxing)

.debug_frame    0x00000000      0x334
 .debug_frame   0x00000000      0x1a0 main.o
 .debug_frame   0x000001a0       0x5c d:/atmel studio/7.0/toolchain/arm/arm-gnu-toolchain/bin/../lib/gcc/arm-none-eabi/6.3.1/../../../../arm-none-eabi/lib/thumb/v7e-m\libc.a(lib_a-__call_atexit.o)
 .debug_frame   0x000001fc       0x20 d:/atmel studio/7.0/toolchain/arm/arm-gnu-toolchain/bin/../lib/gcc/arm-none-eabi/6.3.1/../../../../arm-none-eabi/lib/thumb/v7e-m\libc.a(lib_a-atexit.o)
 .debug_frame   0x0000021c       0x34 d:/atmel studio/7.0/toolchain/arm/arm-gnu-toolchain/bin/../lib/gcc/arm-none-eabi/6.3.1/../../../../arm-none-eabi/lib/thumb/v7e-m\libc.a(lib_a-fini.o)
 .debug_frame   0x00000250       0xb0 d:/atmel studio/7.0/toolchain/arm/arm-gnu-toolchain/bin/../lib/gcc/arm-none-eabi/6.3.1/../../../../arm-none-eabi/lib/thumb/v7e-m\libc.a(lib_a-lock.o)
 .debug_frame   0x00000300       0x34 d:/atmel studio/7.0/toolchain/arm/arm-gnu-toolchain/bin/../lib/gcc/arm-none-eabi/6.3.1/../../../../arm-none-eabi/lib/thumb/v7e-m\libc.a(lib_a-__atexit.o)
